// Jest Snapshot v1, https://goo.gl/fbAQLP

exports[`InitialInvestment Page should match snapshot 1`] = `
<div
  className="sc-eCApnc kXjkOl"
>
  <h1>
    Investments Calculator
  </h1>
  <form
    className="sc-hKFxyN dsJelp"
  >
    <label>
      Initial Investment
      <input
        data-cy="initialInvestment"
        step="1000"
        type="number"
      />
    </label>
    <label>
      How many years?
      <input
        data-cy="amountInvestmentYears"
        step="1"
        type="number"
      />
    </label>
    <label>
      Risk Level
      <select
        data-cy="riskLevelSelector"
      >
        <option
          value={3}
        >
          3
        </option>
        <option
          value={4}
        >
          4
        </option>
        <option
          value={5}
        >
          5
        </option>
        <option
          value={6}
        >
          6
        </option>
        <option
          value={7}
        >
          7
        </option>
        <option
          value={8}
        >
          8
        </option>
        <option
          value={9}
        >
          9
        </option>
        <option
          value={10}
        >
          10
        </option>
        <option
          value={11}
        >
          11
        </option>
        <option
          value={12}
        >
          12
        </option>
        <option
          value={13}
        >
          13
        </option>
        <option
          value={14}
        >
          14
        </option>
        <option
          value={15}
        >
          15
        </option>
        <option
          value={16}
        >
          16
        </option>
        <option
          value={17}
        >
          17
        </option>
        <option
          value={18}
        >
          18
        </option>
        <option
          value={19}
        >
          19
        </option>
        <option
          value={20}
        >
          20
        </option>
        <option
          value={21}
        >
          21
        </option>
        <option
          value={22}
        >
          22
        </option>
        <option
          value={23}
        >
          23
        </option>
        <option
          value={24}
        >
          24
        </option>
        <option
          value={25}
        >
          25
        </option>
      </select>
    </label>
    <div
      className="sc-bdnxRM fUQRin"
    >
      <span
        data-cy="progressBar"
      />
    </div>
    <div
      className="sc-gtsrHT htXvXo"
    >
      <span>
        Low Risk
      </span>
      <span>
        High Risk
      </span>
    </div>
    <button
      className="sc-dlnjwi gafhhG"
      data-cy="btnCalculate"
      onClick={[Function]}
    >
      Calculate
    </button>
  </form>
</div>
`;
