// Jest Snapshot v1, https://goo.gl/fbAQLP

exports[`Test Chart component should render Chart 1`] = `<canvas />`
